products: X-WP-Total=869, X-WP-TotalPages=9
variations: X-WP-Total=935, X-WP-TotalPages=10
categories: X-WP-Total=37
  /home/runner/work/ipapa/ipapa/tests/fixtures/products.json: 20 шт.
  /home/runner/work/ipapa/ipapa/tests/fixtures/variations.json: 98 шт.
  /home/runner/work/ipapa/ipapa/tests/fixtures/categories.json: 37 шт.
Товаров: 869, без картинки: 61
Вариантов: 935, без своей картинки: 0, без картинки и у родителя: 0
  - 4866: iPhone 15 Pro Max, 256 ГБ, SIM + eSIM [Б/У]
  - 4865: iPad 9-поколения Space Gray 64GB Wi-Fi [Б/У]
  - 4864: iPhone 15 Pro, 256 ГБ, eSIM [Б/У]
  - 4863: iPhone 17 Pro Max, 256 ГБ, eSIM [Б/У]
  - 4862: AirPods 4 без шумоподавления [Б/У]
  - 4861: Apple Watch SE 3 Starlight 44mm [Б/У]
  - 4860: Apple Watch Ultra 1 Natural Titanium [Б/У]
  - 4859: iPhone 17 Pro Max, 256 ГБ, eSIM [Б/У]
  - 4858: iPhone 15, 128 ГБ, SIM + eSIM [Б/У]
  - 4857: iPhone 16 Pro, 256 ГБ, SIM + eSIM [Б/У]
  - 4856: iPhone 16 Pro, 128 ГБ, SIM + eSIM [Б/У]
  - 4855: Apple Watch SE 2 40mm Starlight [Б/У]
  - 4852: iPhone 15 Pro Max, 256 ГБ, SIM + eSIM [Б/У]
  - 4851: iPhone 16 Pro, 128 ГБ, SIM + eSIM [Б/У]
  - 4850: iPhone 17 Pro Max, 256 ГБ, SIM + eSIM [Б/У]
  - 4849: iPhone 16 Pro Max, 256 ГБ, SIM + eSIM [Б/У]
  - 4848: iPhone 15 Pro, 128 ГБ, SIM + eSIM [Б/У]
  - 4847: iPhone 15 Pro Max, 256 ГБ, SIM + eSIM [Б/У]
  - 4846: Samsung Galaxy S26, 12/256 ГБ, SIM + eSIM [Б/У]
  - 4845: iPhone 13, 128 ГБ, SIM + eSIM [Б/У]
  - 4844: iPhone 12, 64 ГБ, SIM + eSIM [Б/У]
  - 4843: iPad Pro 11 M4 Wi-Fi 512GB Silver [Б/У]
  - 4842: iPad 9th WI-FI 64Gb Silver [Б/У]
  - 4841: MacBook Pro 13&#8243; (2019) i5/8/512GB Space Gray [Б/У]
  - 4840: iPhone 13, 128 ГБ, SIM + eSIM [Б/У]
  - 4839: MacBook Pro 13 (2017) i5/8/256gb Space Gray [Б/У]
  - 4838: Apple Watch S9 41mm Midnight [Б/У]
  - 4712: iPhone 13 Pro Max, 256 ГБ, SIM + eSIM [Б/У]
  - 4710: iPhone 15 Pro, 512 ГБ, SIM + eSIM [Б/У]
  - 4706: iPad Mini 6 2021 Sapce Gray 64GB Wi-Fi+Sim [Б/У]
  - 4161: iPhone 17 Pro Max, 1 ТБ [Б/У]
  - 3547: Стабилизатор DJI Ronin RSC 2 [Б/У]
  - 3545: iPhone 15 Pro, 256 ГБ, SIM + eSIM [Б/У]
  - 3544: iPhone 15 Pro, 128 ГБ, 2 SIM [Б/У]
  - 3541: iPhone 15 Pro, 128 ГБ, SIM + eSIM [Б/У]
  - 3536: iPhone 15 Pro Max, 256 ГБ, SIM + eSIM [Б/У]
  - 3535: MacBook Pro 13&#8243; (2020) M1/8/256GB Space Gray [Б/У]
  - 3533: iPhone 15 Pro, 256 ГБ, SIM + eSIM [Б/У]
  - 3528: iPhone 16 Pro Max, 256 ГБ, SIM + eSIM [Б/У]
  - 3527: iPhone 16 Pro, 128 ГБ, SIM + eSIM [Б/У]
  - 3526: iPhone 16 Pro, 128 ГБ, SIM + eSIM [Б/У]
  - 3525: iPhone 15 Pro, 128 ГБ, SIM + eSIM [Б/У]
  - 3522: iPhone 17 Pro Max, 256 ГБ, eSIM [Б/У]
  - 3521: iPhone 16 Pro, 256 ГБ, SIM + eSIM [Б/У]
  - 3520: iPhone 15 Pro, 128 ГБ, SIM + eSIM [Б/У]
  - 3516: iPhone 16 Pro, 128 ГБ, SIM + eSIM [Б/У]
  - 3508: iPhone 16 Pro Max, 256 ГБ, SIM + eSIM [Б/У]
  - 3507: iPhone 15 Pro Max, 256 ГБ, SIM + eSIM [Б/У]
  - 3506: iPhone 16 Pro, 256 ГБ, SIM + eSIM [Б/У]
  - 3502: iPhone 16 Pro, 256 ГБ, SIM + eSIM [Б/У]
  - 3500: iPhone 17 Pro, 256 ГБ, eSIM [Б/У]
  - 3499: iPhone 16 Pro Max, 256 ГБ, SIM + eSIM [Б/У]
  - 3498: iPhone 15 Pro, 256 ГБ, SIM + eSIM [Б/У]
  - 3494: iPhone 15 Pro, 512 ГБ, SIM + eSIM [Б/У]
  - 3493: iPhone 16 Pro, 128 ГБ, SIM + eSIM [Б/У]
  - 3491: iPhone 15 Pro, 256 ГБ, SIM + eSIM [Б/У]
  - 3490: iPhone 16 Pro Max, 512 ГБ, SIM + eSIM [Б/У]
  - 3488: iPhone 16 Pro, 128 ГБ, SIM + eSIM [Б/У]
  - 3487: iPhone 15 Pro Max, 256 ГБ, SIM + eSIM [Б/У]
  - 3485: iPhone 15 Pro Max, 256 ГБ, SIM + eSIM [Б/У]
